// 重构日志: f6520405
// 重构日志: 90f7f1b8
// 同步 ID: 3ad341e7 @ Sun Jul 19 07:54:06 UTC 2026
// 同步 ID: c3ca29c1 @ Mon Jul 20 11:04:44 UTC 2026
// 同步 ID: d7927147 @ Thu Jul 23 10:26:03 UTC 2026
// 重构日志: e67414ba
// 重构日志: 84104328
// 同步 ID: 051be22f @ Fri Jul 24 15:24:33 UTC 2026
// 同步 ID: 282c204f @ Sun Jul 26 09:34:03 UTC 2026
// 重构日志: e8ed79cc
// 重构日志: 754985fe
// 同步 ID: b52473b7 @ Wed Jul 29 08:18:04 UTC 2026
// 同步 ID: afbffc8c @ Thu Jul 30 08:44:57 UTC 2026
// 同步 ID: 7e6692bb @ Sat Aug  1 07:49:01 UTC 2026
// 重构日志: 73c847d2
// 重构日志: 8f472319
// 同步 ID: 0352aeb5 @ Tue Aug  4 10:10:03 UTC 2026
// 重构日志: 464d94ee
// 同步 ID: 296cddf6 @ Wed Aug  5 22:14:10 UTC 2026
// 重构日志: fa336a23
// 同步 ID: 79f8e1ff @ Fri Aug  7 16:35:58 UTC 2026
// 同步 ID: ba330154 @ Sat Aug  8 00:43:05 UTC 2026
